<html>
<body>
<pre>
<h1>µVision Build Log</h1>
<h2>Tool Versions:</h2>
IDE-Version: £gVision V5.33.0.0
Copyright (C) 2020 ARM Ltd and ARM Germany GmbH. All rights reserved.
License Information: Tony Wu, USI, LIC=MPPLD-8PRAC-X7ERZ-JT0H6-2EWB7-0CHRK
 
Tool Versions:
Toolchain:       MDK-ARM Plus  Version: 5.33.0.0
Toolchain Path:  C:\Keil_v5\ARM\ARMCC\Bin
C Compiler:      Armcc.exe V5.06 update 7 (build 960)
Assembler:       Armasm.exe V5.06 update 7 (build 960)
Linker/Locator:  ArmLink.exe V5.06 update 7 (build 960)
Library Manager: ArmAr.exe V5.06 update 7 (build 960)
Hex Converter:   FromElf.exe V5.06 update 7 (build 960)
CPU DLL:         SARMCM3.DLL V5.33.0.0
Dialog DLL:      DCM.DLL V1.17.3.0
Target DLL:      STLink\ST-LINKIII-KEIL_SWO.dll V3.0.8.0
Dialog DLL:      TCM.DLL V1.48.0.0
 
<h2>Project:</h2>
E:\workspace1\pen_hid_win7_win10\test\MDK-ARM\test.uvprojx
Project File Date:  03/30/2021

<h2>Output:</h2>
*** Using Compiler 'V5.06 update 7 (build 960)', folder: 'C:\Keil_v5\ARM\ARMCC\Bin'
Build target 'test'
compiling main.c...
../Core/Inc/sw_iic.h(56): warning:  #1295-D: Deprecated declaration handle_buffer - give arg types
  void handle_buffer() ;
../Core/Src/main.c(94): warning:  #1295-D: Deprecated declaration Handle_EMR_Data - give arg types
  void Handle_EMR_Data();
../Core/Src/main.c(197): warning:  #167-D: argument of type "volatile uint8_t *" is incompatible with parameter of type "void *restrict"
                                memcpy((page_buf+(32*page_buf_full_idx)),aRxBuffer,32);
../Core/Src/main.c(430): warning:  #177-D: variable "send_data"  was declared but never referenced
        uint8_t send_data[64];
../Core/Src/main.c(431): warning:  #177-D: variable "i"  was declared but never referenced
        uint8_t i =0 ;
../Core/Src/main.c: 5 warnings, 0 errors
linking...
Program Size: Code=36104 RO-data=516 RW-data=876 ZI-data=7484  
FromELF: creating hex file...
"test\test.axf" - 0 Error(s), 5 Warning(s).

<h2>Software Packages used:</h2>

Package Vendor: ARM
                http://www.keil.com/pack/ARM.CMSIS.5.7.0.pack
                ARM.CMSIS.5.7.0
                CMSIS (Cortex Microcontroller Software Interface Standard)
   * Component: CORE Version: 5.4.0

Package Vendor: Keil
                http://www.keil.com/pack/Keil.STM32F4xx_DFP.2.15.0.pack
                Keil.STM32F4xx_DFP.2.15.0
                STMicroelectronics STM32F4 Series Device Support, Drivers and Examples

<h2>Collection of Component include folders:</h2>
  .\RTE\_test
  C:\Users\tonny\AppData\Local\Arm\Packs\ARM\CMSIS\5.7.0\CMSIS\Core\Include
  C:\Users\tonny\AppData\Local\Arm\Packs\Keil\STM32F4xx_DFP\2.15.0\Drivers\CMSIS\Device\ST\STM32F4xx\Include

<h2>Collection of Component Files used:</h2>

   * Component: ARM::CMSIS:CORE:5.4.0
      Include file:  CMSIS\Core\Include\tz_context.h
Build Time Elapsed:  00:00:02
</pre>
</body>
</html>
